// Jest Snapshot v1, https://goo.gl/fbAQLP

exports[`ApiDocMock should create a predictable docs output: setupDocs 1`] = `
Object {
  "error": "{\\"examples\\":[{\\"title\\":\\"Error-Response:\\",\\"content\\":\\"HTTP/1.1 400 OK\\\\n{\\\\n  error: test\\\\n}\\",\\"type\\":\\"json\\"}]}",
  "name": "GetHelloWorld",
  "success": "{\\"examples\\":[{\\"title\\":\\"Success-Response:\\",\\"content\\":\\"HTTP/1.1 200 OK\\\\n{\\\\n  success: test\\\\n}\\",\\"type\\":\\"json\\"}]}",
  "title": "",
  "type": "get",
  "url": "/hello/world/",
  "version": "0.0.0",
}
`;

exports[`ApiDocMock should create a predictable docs output: specific file output 1`] = `
Array [
  "",
  "./.docs/api_data.js",
  "./.docs/api_data.json",
  "./.docs/api_definition.js",
  "./.docs/api_definition.json",
  "./.docs/api_project.js",
  "./.docs/api_project.json",
  "./.docs/css/style.css",
  "./.docs/fonts/glyphicons-halflings-regular.eot",
  "./.docs/fonts/glyphicons-halflings-regular.svg",
  "./.docs/fonts/glyphicons-halflings-regular.ttf",
  "./.docs/fonts/glyphicons-halflings-regular.woff",
  "./.docs/fonts/glyphicons-halflings-regular.woff2",
  "./.docs/img/android-chrome-192x192.png",
  "./.docs/img/android-chrome-512x512.png",
  "./.docs/img/apple-touch-icon.png",
  "./.docs/img/favicon-16x16.png",
  "./.docs/img/favicon-32x32.png",
  "./.docs/img/favicon.ico",
  "./.docs/index.html",
  "./.docs/locales/ca.js",
  "./.docs/locales/cs.js",
  "./.docs/locales/de.js",
  "./.docs/locales/es.js",
  "./.docs/locales/fr.js",
  "./.docs/locales/it.js",
  "./.docs/locales/locale.js",
  "./.docs/locales/nl.js",
  "./.docs/locales/pl.js",
  "./.docs/locales/pt_br.js",
  "./.docs/locales/ro.js",
  "./.docs/locales/ru.js",
  "./.docs/locales/tr.js",
  "./.docs/locales/vi.js",
  "./.docs/locales/zh.js",
  "./.docs/locales/zh_cn.js",
  "./.docs/main.js",
  "./.docs/utils/handlebars_helper.js",
  "./.docs/utils/send_sample_request.js",
  "./.docs/utils/send_sample_request_utils.js",
  "./.docs/vendor/bootstrap*css",
  "./.docs/vendor/bootstrap*js",
  "./.docs/vendor/diff_match_patch*js",
  "./.docs/vendor/handlebars*js",
  "./.docs/vendor/jquery*js",
  "./.docs/vendor/list*js",
  "./.docs/vendor/lodash*min.js",
  "./.docs/vendor/path-to-regexp/LICENSE",
  "./.docs/vendor/path-to-regexp/index.js",
  "./.docs/vendor/polyfill.js",
  "./.docs/vendor/prism.css",
  "./.docs/vendor/prism.js",
  "./.docs/vendor/require*js",
  "./.docs/vendor/semver*js",
  "./.docs/vendor/webfontloader.js",
]
`;

exports[`ApiDocMock should throw an error during testing: error 1`] = `"Server failed to load"`;
